2021-05-26 22:16:05,389 INFO  v1.utils.ReadProperties.extractBeUrl(49)===> environment
2021-05-26 22:16:05,393 INFO  v1.utils.ReadProperties.intializeTestConfig(73)===> file patch
2021-05-26 22:16:05,410 INFO  v1.utils.ReadProperties.extractBeUrl(53)===> TRYING BE URL : LAZYPAY_SANDBOX
